gene_id	GeneSymbol	Chromosome	Class
gene-LOC106604312	LOC106604312	NC_059446.1:15487786-15487786	protein_coding
gene-LOC123743081	LOC123743081	NC_059446.1:16099761-16099761	protein_coding
gene-LOC123743236	LOC123743236	NC_059446.1:16274373-16274373	pseudogene
gene-LOC106604348	LOC106604348	NC_059446.1:17334765-17334765	protein_coding
gene-LOC106604348	LOC106604348	NC_059446.1:17347221-17347221	protein_coding
gene-LOC106604348	LOC106604348	NC_059446.1:17359592-17359592	protein_coding
