NC_059446.1	RefSeq	region	15487786	15487786	.	+	.	ID=NC_059446.1:1..92788608;Dbxref=taxon:8030;Name=ssa05;chromosome=ssa05;gbkey=Src;genome=chromosome;mol_type=genomic DNA	NC_059446.1	15487785	15487786
NC_059446.1	RefSeq	region	16099761	16099761	.	+	.	ID=NC_059446.1:1..92788608;Dbxref=taxon:8030;Name=ssa05;chromosome=ssa05;gbkey=Src;genome=chromosome;mol_type=genomic DNA	NC_059446.1	16099760	16099761
NC_059446.1	RefSeq	region	16256914	16256914	.	+	.	ID=NC_059446.1:1..92788608;Dbxref=taxon:8030;Name=ssa05;chromosome=ssa05;gbkey=Src;genome=chromosome;mol_type=genomic DNA	NC_059446.1	16256913	16256914
NC_059446.1	RefSeq	region	16274373	16274373	.	+	.	ID=NC_059446.1:1..92788608;Dbxref=taxon:8030;Name=ssa05;chromosome=ssa05;gbkey=Src;genome=chromosome;mol_type=genomic DNA	NC_059446.1	16274372	16274373
NC_059446.1	RefSeq	region	16363100	16363100	.	+	.	ID=NC_059446.1:1..92788608;Dbxref=taxon:8030;Name=ssa05;chromosome=ssa05;gbkey=Src;genome=chromosome;mol_type=genomic DNA	NC_059446.1	16363099	16363100
NC_059446.1	RefSeq	region	16600137	16600137	.	+	.	ID=NC_059446.1:1..92788608;Dbxref=taxon:8030;Name=ssa05;chromosome=ssa05;gbkey=Src;genome=chromosome;mol_type=genomic DNA	NC_059446.1	16600136	16600137
NC_059446.1	RefSeq	region	16736455	16736455	.	+	.	ID=NC_059446.1:1..92788608;Dbxref=taxon:8030;Name=ssa05;chromosome=ssa05;gbkey=Src;genome=chromosome;mol_type=genomic DNA	NC_059446.1	16736454	16736455
NC_059446.1	RefSeq	region	16834879	16834879	.	+	.	ID=NC_059446.1:1..92788608;Dbxref=taxon:8030;Name=ssa05;chromosome=ssa05;gbkey=Src;genome=chromosome;mol_type=genomic DNA	NC_059446.1	16834878	16834879
NC_059446.1	RefSeq	region	16875542	16875542	.	+	.	ID=NC_059446.1:1..92788608;Dbxref=taxon:8030;Name=ssa05;chromosome=ssa05;gbkey=Src;genome=chromosome;mol_type=genomic DNA	NC_059446.1	16875541	16875542
NC_059446.1	RefSeq	region	16935347	16935347	.	+	.	ID=NC_059446.1:1..92788608;Dbxref=taxon:8030;Name=ssa05;chromosome=ssa05;gbkey=Src;genome=chromosome;mol_type=genomic DNA	NC_059446.1	16935346	16935347
NC_059446.1	RefSeq	region	16955542	16955542	.	+	.	ID=NC_059446.1:1..92788608;Dbxref=taxon:8030;Name=ssa05;chromosome=ssa05;gbkey=Src;genome=chromosome;mol_type=genomic DNA	NC_059446.1	16955541	16955542
NC_059446.1	RefSeq	region	17334765	17334765	.	+	.	ID=NC_059446.1:1..92788608;Dbxref=taxon:8030;Name=ssa05;chromosome=ssa05;gbkey=Src;genome=chromosome;mol_type=genomic DNA	NC_059446.1	17334764	17334765
NC_059446.1	RefSeq	region	17347221	17347221	.	+	.	ID=NC_059446.1:1..92788608;Dbxref=taxon:8030;Name=ssa05;chromosome=ssa05;gbkey=Src;genome=chromosome;mol_type=genomic DNA	NC_059446.1	17347220	17347221
NC_059446.1	RefSeq	region	17359592	17359592	.	+	.	ID=NC_059446.1:1..92788608;Dbxref=taxon:8030;Name=ssa05;chromosome=ssa05;gbkey=Src;genome=chromosome;mol_type=genomic DNA	NC_059446.1	17359591	17359592
NC_059446.1	RefSeq	region	25310444	25310444	.	+	.	ID=NC_059446.1:1..92788608;Dbxref=taxon:8030;Name=ssa05;chromosome=ssa05;gbkey=Src;genome=chromosome;mol_type=genomic DNA	NC_059446.1	25310443	25310444
NC_059446.1	RefSeq	region	54501567	54501567	.	+	.	ID=NC_059446.1:1..92788608;Dbxref=taxon:8030;Name=ssa05;chromosome=ssa05;gbkey=Src;genome=chromosome;mol_type=genomic DNA	NC_059446.1	54501566	54501567
NC_059446.1	Gnomon	gene	15487786	15487786	.	+	.	ID=gene-LOC106604312;Dbxref=GeneID:106604312;Name=LOC106604312;gbkey=Gene;gene=LOC106604312;gene_biotype=protein_coding	NC_059446.1	15487785	15487786
NC_059446.1	Gnomon	mRNA	15487786	15487786	.	+	.	ID=rna-XM_045717934.1;Parent=gene-LOC106604312;Dbxref=GeneID:106604312,Genbank:XM_045717934.1;Name=XM_045717934.1;Note=The sequence of the model RefSeq transcript was modified relative to this genomic sequence to represent the inferred CDS: deleted 5 bases in 3 codons;exception=unclassified transcription discrepancy;experiment=COORDINATES: polyA evidence [ECO:0006239];gbkey=mRNA;gene=LOC106604312;model_evidence=Supporting evidence includes similarity to: 18 ESTs%2C 3 Proteins%2C and 97%25 coverage of the annotated genomic feature by RNAseq alignments%2C including 27 samples with support for all annotated introns;product=ankyrin repeat and KH domain-containing protein 1-like;transcript_id=XM_045717934.1	NC_059446.1	15487785	15487786
NC_059446.1	Gnomon	gene	16099761	16099761	.	-	.	ID=gene-LOC123743081;Dbxref=GeneID:123743081;Name=LOC123743081;gbkey=Gene;gene=LOC123743081;gene_biotype=protein_coding	NC_059446.1	16099760	16099761
NC_059446.1	Gnomon	mRNA	16099761	16099761	.	-	.	ID=rna-XM_045717936.1;Parent=gene-LOC123743081;Dbxref=GeneID:123743081,Genbank:XM_045717936.1;Name=XM_045717936.1;gbkey=mRNA;gene=LOC123743081;model_evidence=Supporting evidence includes similarity to: 1 Protein%2C and 100%25 coverage of the annotated genomic feature by RNAseq alignments%2C including 5 samples with support for all annotated introns;product=teneurin-2-like;transcript_id=XM_045717936.1	NC_059446.1	16099760	16099761
NC_059446.1	Gnomon	pseudogene	16274373	16274373	.	-	.	ID=gene-LOC123743236;Dbxref=GeneID:123743236;Name=LOC123743236;gbkey=Gene;gene=LOC123743236;gene_biotype=pseudogene;pseudo=true	NC_059446.1	16274372	16274373
NC_059446.1	Gnomon	gene	17334765	17334765	.	-	.	ID=gene-LOC106604348;Dbxref=GeneID:106604348;Name=LOC106604348;gbkey=Gene;gene=LOC106604348;gene_biotype=protein_coding	NC_059446.1	17334764	17334765
NC_059446.1	Gnomon	gene	17347221	17347221	.	-	.	ID=gene-LOC106604348;Dbxref=GeneID:106604348;Name=LOC106604348;gbkey=Gene;gene=LOC106604348;gene_biotype=protein_coding	NC_059446.1	17347220	17347221
NC_059446.1	Gnomon	gene	17359592	17359592	.	-	.	ID=gene-LOC106604348;Dbxref=GeneID:106604348;Name=LOC106604348;gbkey=Gene;gene=LOC106604348;gene_biotype=protein_coding	NC_059446.1	17359591	17359592
NC_059446.1	Gnomon	transcript	17334765	17334765	.	-	.	ID=rna-XR_006769832.1;Parent=gene-LOC106604348;Dbxref=GeneID:106604348,Genbank:XR_006769832.1;Name=XR_006769832.1;gbkey=misc_RNA;gene=LOC106604348;model_evidence=Supporting evidence includes similarity to: 11 Proteins%2C and 100%25 coverage of the annotated genomic feature by RNAseq alignments%2C including 10 samples with support for all annotated introns;product=glutamate receptor 1-like%2C transcript variant X6;transcript_id=XR_006769832.1	NC_059446.1	17334764	17334765
NC_059446.1	Gnomon	transcript	17347221	17347221	.	-	.	ID=rna-XR_006769832.1;Parent=gene-LOC106604348;Dbxref=GeneID:106604348,Genbank:XR_006769832.1;Name=XR_006769832.1;gbkey=misc_RNA;gene=LOC106604348;model_evidence=Supporting evidence includes similarity to: 11 Proteins%2C and 100%25 coverage of the annotated genomic feature by RNAseq alignments%2C including 10 samples with support for all annotated introns;product=glutamate receptor 1-like%2C transcript variant X6;transcript_id=XR_006769832.1	NC_059446.1	17347220	17347221
NC_059446.1	Gnomon	transcript	17359592	17359592	.	-	.	ID=rna-XR_006769832.1;Parent=gene-LOC106604348;Dbxref=GeneID:106604348,Genbank:XR_006769832.1;Name=XR_006769832.1;gbkey=misc_RNA;gene=LOC106604348;model_evidence=Supporting evidence includes similarity to: 11 Proteins%2C and 100%25 coverage of the annotated genomic feature by RNAseq alignments%2C including 10 samples with support for all annotated introns;product=glutamate receptor 1-like%2C transcript variant X6;transcript_id=XR_006769832.1	NC_059446.1	17359591	17359592
NC_059446.1	Gnomon	mRNA	17334765	17334765	.	-	.	ID=rna-XM_045717945.1;Parent=gene-LOC106604348;Dbxref=GeneID:106604348,Genbank:XM_045717945.1;Name=XM_045717945.1;gbkey=mRNA;gene=LOC106604348;model_evidence=Supporting evidence includes similarity to: 24 Proteins%2C and 100%25 coverage of the annotated genomic feature by RNAseq alignments%2C including 10 samples with support for all annotated introns;product=glutamate receptor 1-like%2C transcript variant X2;transcript_id=XM_045717945.1	NC_059446.1	17334764	17334765
NC_059446.1	Gnomon	mRNA	17347221	17347221	.	-	.	ID=rna-XM_045717945.1;Parent=gene-LOC106604348;Dbxref=GeneID:106604348,Genbank:XM_045717945.1;Name=XM_045717945.1;gbkey=mRNA;gene=LOC106604348;model_evidence=Supporting evidence includes similarity to: 24 Proteins%2C and 100%25 coverage of the annotated genomic feature by RNAseq alignments%2C including 10 samples with support for all annotated introns;product=glutamate receptor 1-like%2C transcript variant X2;transcript_id=XM_045717945.1	NC_059446.1	17347220	17347221
NC_059446.1	Gnomon	mRNA	17359592	17359592	.	-	.	ID=rna-XM_045717945.1;Parent=gene-LOC106604348;Dbxref=GeneID:106604348,Genbank:XM_045717945.1;Name=XM_045717945.1;gbkey=mRNA;gene=LOC106604348;model_evidence=Supporting evidence includes similarity to: 24 Proteins%2C and 100%25 coverage of the annotated genomic feature by RNAseq alignments%2C including 10 samples with support for all annotated introns;product=glutamate receptor 1-like%2C transcript variant X2;transcript_id=XM_045717945.1	NC_059446.1	17359591	17359592
NC_059446.1	Gnomon	mRNA	17334765	17334765	.	-	.	ID=rna-XM_045717947.1;Parent=gene-LOC106604348;Dbxref=GeneID:106604348,Genbank:XM_045717947.1;Name=XM_045717947.1;gbkey=mRNA;gene=LOC106604348;model_evidence=Supporting evidence includes similarity to: 24 Proteins%2C and 100%25 coverage of the annotated genomic feature by RNAseq alignments%2C including 10 samples with support for all annotated introns;product=glutamate receptor 1-like%2C transcript variant X4;transcript_id=XM_045717947.1	NC_059446.1	17334764	17334765
NC_059446.1	Gnomon	mRNA	17347221	17347221	.	-	.	ID=rna-XM_045717947.1;Parent=gene-LOC106604348;Dbxref=GeneID:106604348,Genbank:XM_045717947.1;Name=XM_045717947.1;gbkey=mRNA;gene=LOC106604348;model_evidence=Supporting evidence includes similarity to: 24 Proteins%2C and 100%25 coverage of the annotated genomic feature by RNAseq alignments%2C including 10 samples with support for all annotated introns;product=glutamate receptor 1-like%2C transcript variant X4;transcript_id=XM_045717947.1	NC_059446.1	17347220	17347221
NC_059446.1	Gnomon	mRNA	17359592	17359592	.	-	.	ID=rna-XM_045717947.1;Parent=gene-LOC106604348;Dbxref=GeneID:106604348,Genbank:XM_045717947.1;Name=XM_045717947.1;gbkey=mRNA;gene=LOC106604348;model_evidence=Supporting evidence includes similarity to: 24 Proteins%2C and 100%25 coverage of the annotated genomic feature by RNAseq alignments%2C including 10 samples with support for all annotated introns;product=glutamate receptor 1-like%2C transcript variant X4;transcript_id=XM_045717947.1	NC_059446.1	17359591	17359592
NC_059446.1	Gnomon	mRNA	17334765	17334765	.	-	.	ID=rna-XM_045717944.1;Parent=gene-LOC106604348;Dbxref=GeneID:106604348,Genbank:XM_045717944.1;Name=XM_045717944.1;gbkey=mRNA;gene=LOC106604348;model_evidence=Supporting evidence includes similarity to: 29 Proteins%2C and 100%25 coverage of the annotated genomic feature by RNAseq alignments%2C including 14 samples with support for all annotated introns;product=glutamate receptor 1-like%2C transcript variant X1;transcript_id=XM_045717944.1	NC_059446.1	17334764	17334765
NC_059446.1	Gnomon	mRNA	17347221	17347221	.	-	.	ID=rna-XM_045717944.1;Parent=gene-LOC106604348;Dbxref=GeneID:106604348,Genbank:XM_045717944.1;Name=XM_045717944.1;gbkey=mRNA;gene=LOC106604348;model_evidence=Supporting evidence includes similarity to: 29 Proteins%2C and 100%25 coverage of the annotated genomic feature by RNAseq alignments%2C including 14 samples with support for all annotated introns;product=glutamate receptor 1-like%2C transcript variant X1;transcript_id=XM_045717944.1	NC_059446.1	17347220	17347221
NC_059446.1	Gnomon	mRNA	17359592	17359592	.	-	.	ID=rna-XM_045717944.1;Parent=gene-LOC106604348;Dbxref=GeneID:106604348,Genbank:XM_045717944.1;Name=XM_045717944.1;gbkey=mRNA;gene=LOC106604348;model_evidence=Supporting evidence includes similarity to: 29 Proteins%2C and 100%25 coverage of the annotated genomic feature by RNAseq alignments%2C including 14 samples with support for all annotated introns;product=glutamate receptor 1-like%2C transcript variant X1;transcript_id=XM_045717944.1	NC_059446.1	17359591	17359592
NC_059446.1	Gnomon	mRNA	17334765	17334765	.	-	.	ID=rna-XM_045717946.1;Parent=gene-LOC106604348;Dbxref=GeneID:106604348,Genbank:XM_045717946.1;Name=XM_045717946.1;gbkey=mRNA;gene=LOC106604348;model_evidence=Supporting evidence includes similarity to: 27 Proteins%2C and 100%25 coverage of the annotated genomic feature by RNAseq alignments%2C including 14 samples with support for all annotated introns;product=glutamate receptor 1-like%2C transcript variant X3;transcript_id=XM_045717946.1	NC_059446.1	17334764	17334765
NC_059446.1	Gnomon	mRNA	17347221	17347221	.	-	.	ID=rna-XM_045717946.1;Parent=gene-LOC106604348;Dbxref=GeneID:106604348,Genbank:XM_045717946.1;Name=XM_045717946.1;gbkey=mRNA;gene=LOC106604348;model_evidence=Supporting evidence includes similarity to: 27 Proteins%2C and 100%25 coverage of the annotated genomic feature by RNAseq alignments%2C including 14 samples with support for all annotated introns;product=glutamate receptor 1-like%2C transcript variant X3;transcript_id=XM_045717946.1	NC_059446.1	17347220	17347221
NC_059446.1	Gnomon	mRNA	17359592	17359592	.	-	.	ID=rna-XM_045717946.1;Parent=gene-LOC106604348;Dbxref=GeneID:106604348,Genbank:XM_045717946.1;Name=XM_045717946.1;gbkey=mRNA;gene=LOC106604348;model_evidence=Supporting evidence includes similarity to: 27 Proteins%2C and 100%25 coverage of the annotated genomic feature by RNAseq alignments%2C including 14 samples with support for all annotated introns;product=glutamate receptor 1-like%2C transcript variant X3;transcript_id=XM_045717946.1	NC_059446.1	17359591	17359592
NC_059446.1	Gnomon	mRNA	17334765	17334765	.	-	.	ID=rna-XM_045717948.1;Parent=gene-LOC106604348;Dbxref=GeneID:106604348,Genbank:XM_045717948.1;Name=XM_045717948.1;gbkey=mRNA;gene=LOC106604348;model_evidence=Supporting evidence includes similarity to: 11 Proteins%2C and 100%25 coverage of the annotated genomic feature by RNAseq alignments%2C including 10 samples with support for all annotated introns;product=glutamate receptor 1-like%2C transcript variant X5;transcript_id=XM_045717948.1	NC_059446.1	17334764	17334765
NC_059446.1	Gnomon	mRNA	17347221	17347221	.	-	.	ID=rna-XM_045717948.1;Parent=gene-LOC106604348;Dbxref=GeneID:106604348,Genbank:XM_045717948.1;Name=XM_045717948.1;gbkey=mRNA;gene=LOC106604348;model_evidence=Supporting evidence includes similarity to: 11 Proteins%2C and 100%25 coverage of the annotated genomic feature by RNAseq alignments%2C including 10 samples with support for all annotated introns;product=glutamate receptor 1-like%2C transcript variant X5;transcript_id=XM_045717948.1	NC_059446.1	17347220	17347221
NC_059446.1	Gnomon	mRNA	17359592	17359592	.	-	.	ID=rna-XM_045717948.1;Parent=gene-LOC106604348;Dbxref=GeneID:106604348,Genbank:XM_045717948.1;Name=XM_045717948.1;gbkey=mRNA;gene=LOC106604348;model_evidence=Supporting evidence includes similarity to: 11 Proteins%2C and 100%25 coverage of the annotated genomic feature by RNAseq alignments%2C including 10 samples with support for all annotated introns;product=glutamate receptor 1-like%2C transcript variant X5;transcript_id=XM_045717948.1	NC_059446.1	17359591	17359592
